
> pawvault@0.1.0 build
> next build

  ▲ Next.js 14.2.0
  - Environments: .env

Terminate batch job (Y/N)? 
^C